---
source: crates/greentic-component/tests/new_scaffold.rs
assertion_line: 36
expression: cargo.trim()
---
[package]
name = "demo-component"
version = "0.1.0"
edition = "2024"
license = "MIT"
rust-version = "1.88"
description = "Greentic component demo-component"
repository = "https://github.com/demo-component"
authors = ["Greentic Labs"]

[lib]
crate-type = ["cdylib"]

[dependencies]
wit-bindgen = "0.44"
serde_json = "1"

[dev-dependencies]
serde_json = "1"

[build-dependencies]
anyhow = "1.0"
wit-component = "0.240"
wit-parser = "0.240"

[target.'cfg(not(target_arch = "wasm32"))'.dependencies]
greentic-interfaces = { version = "0.4.20" }
greentic-types = { version = "0.3.0" }

[patch.crates-io]
greentic-component = { path = "../../..<WORKSPACE>/crates/greentic-component" }
